// Jest Snapshot v1, https://goo.gl/fbAQLP

exports[`<TeamLineup /> should capture Snapshot of TeamLineup 1`] = `
<div>
  <div
    className="sc-bZQynM hJohEA"
  >
    <h1>
      Loading...
    </h1>
  </div>
</div>
`;
